npx : PASS tests/reverse.test.js
所在位置 行:1 字符: 1
+ npx jest --no-color > test_output.txt 2>&1
+ ~~~~~~~~~~~~~~~~~~~~~~~~~~~~~~~~~~~~~~~~~~
    + CategoryInfo          : NotSpecified: (PASS tests/reverse.test.js:String) [], RemoteException
    + FullyQualifiedErrorId : NativeCommandError
 
PASS tests/core.test.js
PASS tests/converter.test.js
PASS tests/helpers.test.js
PASS tests/clipboard.test.js

Test Suites: 5 passed, 5 total
Tests:       101 passed, 101 total
Snapshots:   0 total
Time:        2.347 s
Ran all test suites.
